Microchip MPLAB XC8 Compiler V2.32

Linker command line:

-W-3 --edf=C:\Program Files\Microchip\xc8\v2.32\pic\dat\en_msgs.txt -cn \
  -h+dist/default/production\SR04.X.production.sym \
  --cmf=dist/default/production\SR04.X.production.cmf -z -Q18F4550 \
  -oC:\Users\usr\AppData\Local\Temp\xcAsa2s.4 \
  -Mdist/default/production/SR04.X.production.map -E1 -ver=XC8 Compiler \
  -ASTACK=060h-07FFh -pstack=STACK -ACODE=00h-07FFFh -ACONST=00h-07FFFh \
  -ASMALLCONST=0800h-08FFhx120 -AMEDIUMCONST=0800h-07FFFh -ACOMRAM=01h-05Fh \
  -AABS1=00h-07FFh -ABIGRAM=01h-07FFh -ARAM=060h-0FFh,0100h-01FFhx7 \
  -ABANK0=060h-0FFh -ABANK1=0100h-01FFh -ABANK2=0200h-02FFh \
  -ABANK3=0300h-03FFh -ABANK4=0400h-04FFh -ABANK5=0500h-05FFh \
  -ABANK6=0600h-06FFh -ABANK7=0700h-07FFh -ASFR=0F60h-0FFFh \
  -ACONFIG=0300000h-030000Dh -AIDLOC=0200000h-0200007h \
  -AEEDATA=0F00000h-0F000FFh -peeprom_data=EEDATA \
  -preset_vec=00h,intcode,intcodelo,powerup,init -pramtop=0800h \
  -psmallconst=SMALLCONST -pmediumconst=MEDIUMCONST -pconst=CONST \
  -AFARRAM=00h-00h \
  -prdata=COMRAM,nvrram=COMRAM,nvbit=COMRAM,rbss=COMRAM,rbit=COMRAM \
  -pfarbss=FARRAM,fardata=FARRAM,nvFARRAM=FARRAM \
  -pintsave_regs=BIGRAM,bigbss=BIGRAM,bigdata=BIGRAM -pbss=RAM \
  -pidata=CODE,irdata=CODE,ibigdata=CODE,ifardata=CODE -prparam=COMRAM \
  C:\Users\usr\AppData\Local\Temp\xcAsa2s.obj \
  dist/default/production\SR04.X.production.obj 

Object code version is 3.11

Machine type is 18F4550



                Name                               Link     Load   Length Selector   Space Scale
C:\Users\usr\AppData\Local\Temp\xcAsa2s.obj
                idloc                            200000   200000        8        0       5
                config                           300000   300000        E        0       4
                init                                  0        0        4        0       0
dist/default/production\SR04.X.production.obj
                idloc                            200000   200000        8        0       5
                config                           300000   300000        E        0       4
                text4                              7E86     7E86        C     3F43       0
                text3                              7EBC     7EBC       3A     3F5E       0
                text2                              7E92     7E92       2A     3F49       0
                text1                              7EF6     7EF6       52     3F7B       0
                text0                              7F48     7F48       B8     3FA4       0
                cstackCOMRAM                          1        1        B        1       1
                cinit                              7E80     7E80        6     3F40       0

TOTAL           Name                               Link     Load   Length     Space
        CLASS   STACK          

        CLASS   CODE           
                init                                  0        0        4         0
                text4                              7E86     7E86        C         0
                text3                              7EBC     7EBC       3A         0
                text2                              7E92     7E92       2A         0
                text1                              7EF6     7EF6       52         0
                text0                              7F48     7F48       B8         0
                cinit                              7E80     7E80        6         0

        CLASS   CONST          

        CLASS   SMALLCONST     

        CLASS   MEDIUMCONST    

        CLASS   COMRAM         
                cstackCOMRAM                          1        1        B         1

        CLASS   ABS1           

        CLASS   BIGRAM         

        CLASS   RAM            

        CLASS   BANK0          

        CLASS   BANK1          

        CLASS   BANK2          

        CLASS   BANK3          

        CLASS   BANK4          

        CLASS   BANK5          

        CLASS   BANK6          

        CLASS   BANK7          

        CLASS   SFR            

        CLASS   CONFIG         
                config                           300000   300000        E         4

        CLASS   IDLOC          
                idloc                            200000   200000        8         5

        CLASS   EEDATA         

        CLASS   FARRAM         



SEGMENTS        Name                           Load    Length   Top    Selector   Space  Class

                reset_vec                      000000  000004  000004         0       0  CODE    
                cstackCOMRAM                   000001  00000B  00000C         1       1  COMRAM  
                cinit                          007E80  000006  007E86      3F40       0  CODE    
                text4                          007E86  00000C  007E92      3F43       0  CODE    
                text2                          007E92  00002A  007EBC      3F49       0  CODE    
                text3                          007EBC  00003A  007EF6      3F5E       0  CODE    
                text1                          007EF6  000052  007F48      3F7B       0  CODE    
                text0                          007F48  0000B8  008000      3FA4       0  CODE    


UNUSED ADDRESS RANGES

        Name                Unused          Largest block    Delta
        BANK0            000060-0000FF               A0
        BANK1            000100-0001FF              100
        BANK2            000200-0002FF              100
        BANK3            000300-0003FF              100
        BANK4            000400-0004FF              100
        BANK5            000500-0005FF              100
        BANK6            000600-0006FF              100
        BANK7            000700-0007FF              100
        BIGRAM           00000C-0007FF              7F4
        CODE             000004-007E7F             7E7C
        COMRAM           00000C-00005F               54
        CONST            000004-007E7F             7E7C
        EEDATA           F00000-F000FF              100
        MEDIUMCONST      000800-007E7F             7680
        RAM              000060-0007FF              100
        SFR              000F60-000FFF               A0
        SMALLCONST       000800-007E7F              100
        STACK            000060-0007FF              7A0

                                  Symbol Table

?___lwdiv                cstackCOMRAM 000001
Transmitir@BufferT       cstackCOMRAM 000001
_BAUDCON                 (abs)        000FB8
_CCP1CON                 (abs)        000FBD
_CCP1IF                  (abs)        007CF2
_CCPR1                   (abs)        000FBE
_LATD0                   (abs)        007C60
_OSCCON                  (abs)        000FD3
_RC2                     (abs)        007C12
_RCSTA                   (abs)        000FAB
_RD0                     (abs)        007C18
_SPBRG                   (abs)        000FAF
_T1CON                   (abs)        000FCD
_TMR1                    (abs)        000FCE
_TMR1ON                  (abs)        007E68
_TRISD0                  (abs)        007CA8
_TRMT                    (abs)        007D61
_TXREG                   (abs)        000FAD
_TXSTA                   (abs)        000FAC
_Transmitir              text4        007E86
__HRAM                   (abs)        000000
__Habs1                  abs1         000000
__Hbank0                 bank0        000000
__Hbank1                 bank1        000000
__Hbank2                 bank2        000000
__Hbank3                 bank3        000000
__Hbank4                 bank4        000000
__Hbank5                 bank5        000000
__Hbank6                 bank6        000000
__Hbank7                 bank7        000000
__Hbigbss                bigbss       000000
__Hbigdata               bigdata      000000
__Hbigram                bigram       000000
__Hbss                   bss          000000
__Hcinit                 cinit        000000
__Hclrtext               clrtext      000000
__Hcomram                comram       000000
__Hconfig                config       30000E
__Hconst                 const        000000
__HcstackCOMRAM          cstackCOMRAM 000000
__Hdata                  data         000000
__Heeprom_data           eeprom_data  000000
__Hfarbss                farbss       000000
__Hfardata               fardata      000000
__Hibigdata              ibigdata     000000
__Hidata                 idata        000000
__Hidloc                 idloc        200008
__Hifardata              ifardata     000000
__Hinit                  init         000004
__Hintcode               intcode      000000
__Hintcode_body          intcode_body 000000
__Hintcodelo             intcodelo    000000
__Hintentry              intentry     000000
__Hintret                intret       000000
__Hintsave_regs          intsave_regs 000000
__Hirdata                irdata       000000
__Hmediumconst           mediumconst  000000
__HnvFARRAM              nvFARRAM     000000
__Hnvbit                 nvbit        000000
__Hnvrram                nvrram       000000
__Hparam                 rparam       000000
__Hpowerup               powerup      000000
__Hram                   ram          000000
__Hramtop                ramtop       000800
__Hrbit                  rbit         000000
__Hrbss                  rbss         000000
__Hrdata                 rdata        000000
__Hreset_vec             reset_vec    000000
__Hrparam                rparam       000000
__Hsfr                   sfr          000000
__Hsmallconst            smallconst   000000
__Hspace_0               (abs)        008000
__Hspace_1               (abs)        00000C
__Hspace_2               (abs)        000000
__Hspace_4               (abs)        60000E
__Hstack                 stack        000000
__Hstruct                struct       000000
__Htemp                  temp         000000
__Htext                  text         000000
__Htext0                 text0        000000
__Htext1                 text1        000000
__Htext2                 text2        000000
__Htext3                 text3        000000
__Htext4                 text4        000000
__LRAM                   (abs)        000001
__Labs1                  abs1         000000
__Lbank0                 bank0        000000
__Lbank1                 bank1        000000
__Lbank2                 bank2        000000
__Lbank3                 bank3        000000
__Lbank4                 bank4        000000
__Lbank5                 bank5        000000
__Lbank6                 bank6        000000
__Lbank7                 bank7        000000
__Lbigbss                bigbss       000000
__Lbigdata               bigdata      000000
__Lbigram                bigram       000000
__Lbss                   bss          000000
__Lcinit                 cinit        000000
__Lclrtext               clrtext      000000
__Lcomram                comram       000000
__Lconfig                config       000000
__Lconst                 const        000000
__LcstackCOMRAM          cstackCOMRAM 000000
__Ldata                  data         000000
__Leeprom_data           eeprom_data  000000
__Lfarbss                farbss       000000
__Lfardata               fardata      000000
__Libigdata              ibigdata     000000
__Lidata                 idata        000000
__Lidloc                 idloc        000000
__Lifardata              ifardata     000000
__Linit                  init         000000
__Lintcode               intcode      000000
__Lintcode_body          intcode_body 000000
__Lintcodelo             intcodelo    000000
__Lintentry              intentry     000000
__Lintret                intret       000000
__Lintsave_regs          intsave_regs 000000
__Lirdata                irdata       000000
__Lmediumconst           mediumconst  000000
__LnvFARRAM              nvFARRAM     000000
__Lnvbit                 nvbit        000000
__Lnvrram                nvrram       000000
__Lparam                 rparam       000000
__Lpowerup               powerup      000000
__Lram                   ram          000000
__Lramtop                ramtop       000800
__Lrbit                  rbit         000000
__Lrbss                  rbss         000000
__Lrdata                 rdata        000000
__Lreset_vec             reset_vec    000000
__Lrparam                rparam       000000
__Lsfr                   sfr          000000
__Lsmallconst            smallconst   000000
__Lspace_0               (abs)        000000
__Lspace_1               (abs)        000000
__Lspace_2               (abs)        000000
__Lspace_4               (abs)        000000
__Lstack                 stack        000000
__Lstruct                struct       000000
__Ltemp                  temp         000000
__Ltext                  text         000000
__Ltext0                 text0        000000
__Ltext1                 text1        000000
__Ltext2                 text2        000000
__Ltext3                 text3        000000
__Ltext4                 text4        000000
__S0                     (abs)        008000
__S1                     (abs)        00000C
__S2                     (abs)        000000
__S4                     (abs)        000000
__S5                     (abs)        000000
___inthi_sp              stack        000000
___intlo_sp              stack        000000
___lbdiv                 text3        007EBC
___lbdiv@counter         cstackCOMRAM 000007
___lbdiv@dividend        cstackCOMRAM 000006
___lbdiv@divisor         cstackCOMRAM 000005
___lbdiv@quotient        cstackCOMRAM 000008
___lbmod                 text2        007E92
___lbmod@counter         cstackCOMRAM 000003
___lbmod@dividend        cstackCOMRAM 000002
___lbmod@divisor         cstackCOMRAM 000001
___lbmod@rem             cstackCOMRAM 000004
___lwdiv                 text1        007EF6
___lwdiv@counter         cstackCOMRAM 000007
___lwdiv@dividend        cstackCOMRAM 000001
___lwdiv@divisor         cstackCOMRAM 000003
___lwdiv@quotient        cstackCOMRAM 000005
___param_bank            (abs)        000000
___rparam_used           (abs)        000001
___sp                    stack        000000
__accesstop              (abs)        000060
__activetblptr           (abs)        000000
__end_of_Transmitir      text4        007E92
__end_of___lbdiv         text3        007EF6
__end_of___lbmod         text2        007EBC
__end_of___lwdiv         text1        007F48
__end_of__initialization cinit        007E80
__end_of_main            text0        008000
__initialization         cinit        007E80
__mediumconst            mediumconst  000000
__pcinit                 cinit        007E80
__pcstackCOMRAM          cstackCOMRAM 000001
__ptext0                 text0        007F48
__ptext1                 text1        007EF6
__ptext2                 text2        007E92
__ptext3                 text3        007EBC
__ptext4                 text4        007E86
__ramtop                 ramtop       000800
__size_of_Transmitir     (abs)        000000
__size_of___lbdiv        (abs)        000000
__size_of___lbmod        (abs)        000000
__size_of___lwdiv        (abs)        000000
__size_of_main           (abs)        000000
__smallconst             smallconst   000000
_main                    text0        007F48
end_of_initialization    cinit        007E80
intlevel0                text         000000
intlevel1                text         000000
intlevel2                text         000000
intlevel3                text         000000
isa$std                  (abs)        000001
isa$xinst                (abs)        000000
main@d                   cstackCOMRAM 00000B
stackhi                  (abs)        0007FF
stacklo                  (abs)        000060
start                    init         000000
start_initialization     cinit        007E80


MODULE INFORMATION

Module		Function		Class		Link	Load	Size
SR04.c
		_main          		CODE           	7F48	0000	184
		_Transmitir    		CODE           	7E86	0000	12

SR04.c estimated size: 196

C:\Program Files\Microchip\xc8\v2.32\pic\sources\c90\common\lbdiv.c
		___lbdiv       		CODE           	7EBC	0000	58

C:\Program Files\Microchip\xc8\v2.32\pic\sources\c90\common\lbdiv.c estimated size: 58

shared
		__initialization		CODE           	7E80	0000	1

shared estimated size: 1

C:\Program Files\Microchip\xc8\v2.32\pic\sources\c90\common\lwdiv.c
		___lwdiv       		CODE           	7EF6	0000	82

C:\Program Files\Microchip\xc8\v2.32\pic\sources\c90\common\lwdiv.c estimated size: 82

C:\Program Files\Microchip\xc8\v2.32\pic\sources\c90\common\lbmod.c
		___lbmod       		CODE           	7E92	0000	42

C:\Program Files\Microchip\xc8\v2.32\pic\sources\c90\common\lbmod.c estimated size: 42

